// Jest Snapshot v1, https://goo.gl/fbAQLP

exports[`<MainButton should match snapshot 1`] = `
<RNGestureHandlerButton
  collapsable={false}
  exclusive={true}
  onGestureEvent={[Function]}
  onGestureHandlerEvent={[Function]}
  onGestureHandlerStateChange={[Function]}
  onHandlerStateChange={[Function]}
  rippleColor={0}
  style={
    Array [
      Object {
        "backgroundColor": "#325C99",
        "borderColor": "white",
      },
      Object {
        "alignItems": "center",
        "borderRadius": 100,
        "height": 200,
        "justifyContent": "center",
        "shadowOffset": Object {
          "height": 10,
          "width": 0,
        },
        "shadowOpacity": 0.1,
        "shadowRadius": 3,
        "width": 200,
      },
    ]
  }
  testID="mainBtn"
>
  <View
    accessible={true}
    style={
      Object {
        "backgroundColor": "#325C99",
        "borderColor": "white",
        "opacity": 1,
        "shadowColor": "white",
      }
    }
  >
    <Text
      style={
        Array [
          Object {
            "color": "white",
            "fontFamily": "Futura",
          },
          Object {
            "color": "white",
            "fontFamily": "Futura",
            "fontSize": 24,
            "fontWeight": "bold",
            "textAlign": "center",
          },
        ]
      }
    >
      Test Your Luck
    </Text>
  </View>
</RNGestureHandlerButton>
`;
