// Jest Snapshot v1, https://goo.gl/fbAQLP

exports[`<SaveTryButtons /> should match snapshot 1`] = `
<View
  style={
    Array [
      Object {
        "backgroundColor": "black",
        "shadowColor": "white",
      },
      Object {
        "backgroundColor": "transparent",
        "flexDirection": "row",
        "height": 60,
      },
    ]
  }
>
  <RNGestureHandlerButton
    collapsable={false}
    exclusive={true}
    onGestureEvent={[Function]}
    onGestureHandlerEvent={[Function]}
    onGestureHandlerStateChange={[Function]}
    onHandlerStateChange={[Function]}
    rippleColor={0}
    style={
      Array [
        Object {
          "backgroundColor": "#325C99",
          "borderColor": "white",
        },
        Object {
          "alignItems": "center",
          "flex": 1,
          "justifyContent": "center",
        },
      ]
    }
    testID="saveBtn"
  >
    <View
      accessible={true}
      style={
        Object {
          "backgroundColor": "#325C99",
          "borderColor": "white",
          "opacity": 1,
          "shadowColor": "white",
        }
      }
    >
      <Text
        style={
          Array [
            Object {
              "color": "white",
              "fontFamily": "Futura",
            },
            Object {
              "color": "white",
              "fontSize": 36,
              "fontWeight": "bold",
            },
          ]
        }
      >
        Save
      </Text>
    </View>
  </RNGestureHandlerButton>
  <RNGestureHandlerButton
    collapsable={false}
    exclusive={true}
    onGestureEvent={[Function]}
    onGestureHandlerEvent={[Function]}
    onGestureHandlerStateChange={[Function]}
    onHandlerStateChange={[Function]}
    rippleColor={0}
    style={
      Array [
        Object {
          "backgroundColor": "transparent",
          "borderColor": "white",
        },
        Object {
          "alignItems": "center",
          "flex": 2,
          "justifyContent": "center",
        },
      ]
    }
    testID="tryBtn"
  >
    <View
      accessible={true}
      style={
        Object {
          "backgroundColor": "transparent",
          "borderColor": "white",
          "opacity": 1,
          "shadowColor": "white",
        }
      }
    >
      <Text
        style={
          Array [
            Object {
              "color": "white",
              "fontFamily": "Futura",
            },
            Array [
              Object {
                "fontSize": 36,
                "fontWeight": "bold",
              },
              Object {
                "opacity": 0.5,
              },
            ],
          ]
        }
      >
        Try
      </Text>
    </View>
  </RNGestureHandlerButton>
</View>
`;
